Archive member included to satisfy reference by file (symbol)

/Applications/VEXcode V5 Text.app/Contents/Resources/sdk/vexv5/libv5rt.a(v5_startup.c.obj)
                              (vexStartup)
/Applications/VEXcode V5 Text.app/Contents/Resources/sdk/vexv5/libv5rt.a(v5_util.c.obj)
                              /Applications/VEXcode V5 Text.app/Contents/Resources/sdk/vexv5/libv5rt.a(v5_startup.c.obj) (vexStdlibVersionLinked)
/Applications/VEXcode V5 Text.app/Contents/Resources/sdk/vexv5/libv5rt.a(v5_apijump.c.obj)
                              /Applications/VEXcode V5 Text.app/Contents/Resources/sdk/vexv5/libv5rt.a(v5_startup.c.obj) (vexPrivateApiEnable)
/Applications/VEXcode V5 Text.app/Contents/Resources/sdk/vexv5/libv5rt.a(v5_apiversions.c.obj)
                              /Applications/VEXcode V5 Text.app/Contents/Resources/sdk/vexv5/libv5rt.a(v5_apijump.c.obj) (vexSystemVersion)
/Applications/VEXcode V5 Text.app/Contents/Resources/sdk/vexv5/libv5rt.a(vex_global.cpp.obj)
                              build/src/main.o (vex::white)
/Applications/VEXcode V5 Text.app/Contents/Resources/sdk/vexv5/libv5rt.a(vex_motor.cpp.obj)
                              build/src/robot-config.o (vex::motor::~motor())
/Applications/VEXcode V5 Text.app/Contents/Resources/sdk/vexv5/libv5rt.a(vex_controller.cpp.obj)
                              build/src/robot-config.o (vex::controller::~controller())
/Applications/VEXcode V5 Text.app/Contents/Resources/sdk/vexv5/libv5rt.a(vex_task.cpp.obj)
                              build/src/main.o (vex::task::sleep(unsigned long))
/Applications/VEXcode V5 Text.app/Contents/Resources/sdk/vexv5/libv5rt.a(vex_thread.cpp.obj)
                              build/src/main.o (vex::thread::thread(int (*)(void*), void*))
/Applications/VEXcode V5 Text.app/Contents/Resources/sdk/vexv5/libv5rt.a(vex_event.cpp.obj)
                              /Applications/VEXcode V5 Text.app/Contents/Resources/sdk/vexv5/libv5rt.a(vex_controller.cpp.obj) (vex::event::init(unsigned long, unsigned long, void (*)()))
/Applications/VEXcode V5 Text.app/Contents/Resources/sdk/vexv5/libv5rt.a(vex_mevent.cpp.obj)
                              /Applications/VEXcode V5 Text.app/Contents/Resources/sdk/vexv5/libv5rt.a(vex_controller.cpp.obj) (vex::mevent::mevent(unsigned long, unsigned long))
/Applications/VEXcode V5 Text.app/Contents/Resources/sdk/vexv5/libv5rt.a(vex_brain.cpp.obj)
                              build/src/main.o (vex::brain::lcd::setFont(vex::fontType))
/Applications/VEXcode V5 Text.app/Contents/Resources/sdk/vexv5/libv5rt.a(vex_competition.cpp.obj)
                              build/src/main.o (vex::competition::competition())
/Applications/VEXcode V5 Text.app/Contents/Resources/sdk/vexv5/libv5rt.a(vex_triport.cpp.obj)
                              /Applications/VEXcode V5 Text.app/Contents/Resources/sdk/vexv5/libv5rt.a(vex_brain.cpp.obj) (vex::triport::~triport())
/Applications/VEXcode V5 Text.app/Contents/Resources/sdk/vexv5/libv5rt.a(vex_color.cpp.obj)
                              build/src/main.o (vex::color::~color())
/Applications/VEXcode V5 Text.app/Contents/Resources/sdk/vexv5/libv5rt.a(vex_timer.cpp.obj)
                              /Applications/VEXcode V5 Text.app/Contents/Resources/sdk/vexv5/libv5rt.a(vex_brain.cpp.obj) (vex::timer::~timer())
/Applications/VEXcode V5 Text.app/Contents/Resources/sdk/vexv5/libv5rt.a(v5_apiuser.c.obj)
                              /Applications/VEXcode V5 Text.app/Contents/Resources/sdk/vexv5/libv5rt.a(vex_triport.cpp.obj) (vexAdiPortConfigSet)
/Applications/VEXcode V5 Text.app/Contents/Resources/sdk/vexv5/libv5rt.a(vex_device.cpp.obj)
                              /Applications/VEXcode V5 Text.app/Contents/Resources/sdk/vexv5/libv5rt.a(vex_motor.cpp.obj) (vex::device::~device())
/Applications/VEXcode V5 Text.app/Contents/Resources/sdk/vexv5/gcc/libs/libc.a(lib_a-aeabi_memmove-soft.o)
                              build/src/main.o (__aeabi_memmove4)
/Applications/VEXcode V5 Text.app/Contents/Resources/sdk/vexv5/gcc/libs/libc.a(lib_a-fini.o)
                              /Applications/VEXcode V5 Text.app/Contents/Resources/sdk/vexv5/libv5rt.a(v5_startup.c.obj) (__libc_fini_array)
/Applications/VEXcode V5 Text.app/Contents/Resources/sdk/vexv5/gcc/libs/libc.a(lib_a-impure.o)
                              /Applications/VEXcode V5 Text.app/Contents/Resources/sdk/vexv5/libv5rt.a(v5_startup.c.obj) (_impure_ptr)
/Applications/VEXcode V5 Text.app/Contents/Resources/sdk/vexv5/gcc/libs/libc.a(lib_a-init.o)
                              /Applications/VEXcode V5 Text.app/Contents/Resources/sdk/vexv5/libv5rt.a(v5_startup.c.obj) (__libc_init_array)
/Applications/VEXcode V5 Text.app/Contents/Resources/sdk/vexv5/gcc/libs/libc.a(lib_a-tolower.o)
                              /Applications/VEXcode V5 Text.app/Contents/Resources/sdk/vexv5/libv5rt.a(vex_brain.cpp.obj) (tolower)
/Applications/VEXcode V5 Text.app/Contents/Resources/sdk/vexv5/gcc/libs/libc.a(lib_a-ctype_.o)
[...]
Memory Configuration

Name             Origin             Length             Attributes
ps7_ddr_0_S_AXI_BASEADDR 0x0000000003800000 0x0000000004800000
*default*        0x0000000000000000 0xffffffffffffffff

Linker script and memory map

                0x0000000000002000                _STACK_SIZE = DEFINED (_STACK_SIZE)?_STACK_SIZE:0x2000
                0x0000000000100000                _HEAP_SIZE = DEFINED (_HEAP_SIZE)?_HEAP_SIZE:0x100000
                0x0000000000000400                _ABORT_STACK_SIZE = DEFINED (_ABORT_STACK_SIZE)?_ABORT_STACK_SIZE:0x400
                0x0000000000000800                _SUPERVISOR_STACK_SIZE = DEFINED (_SUPERVISOR_STACK_SIZE)?_SUPERVISOR_STACK_SIZE:0x800
                0x0000000000000400                _IRQ_STACK_SIZE = DEFINED (_IRQ_STACK_SIZE)?_IRQ_STACK_SIZE:0x400
                0x0000000000000400                _FIQ_STACK_SIZE = DEFINED (_FIQ_STACK_SIZE)?_FIQ_STACK_SIZE:0x400
                0x0000000000000400                _UNDEF_STACK_SIZE = DEFINED (_UNDEF_STACK_SIZE)?_UNDEF_STACK_SIZE:0x400

.text           0x0000000003800000     0x3110
 *(.vectors)
 *(.boot_data)
 .boot_data     0x0000000003800000       0x20 /Applications/VEXcode V5 Text.app/Contents/Resources/sdk/vexv5/libv5rt.a(v5_startup.c.obj)
                0x0000000003800000                vexCodeSig
                0x0000000000000020                . = 0x20
 *(.boot)
 .boot          0x0000000003800020       0xbc /Applications/VEXcode V5 Text.app/Contents/Resources/sdk/vexv5/libv5rt.a(v5_startup.c.obj)
                0x0000000003800020                vexStartup
                0x0000000003800100                . = ALIGN (0x40)
 *fill*         0x00000000038000dc       0x24 
 *(.freertos_vectors)
 *(.text)
 .text          0x0000000003800100       0x3a /Applications/VEXcode V5 Text.app/Contents/Resources/sdk/vexv5/gcc/libs/libc.a(lib_a-aeabi_memmove-soft.o)
                0x0000000003800100                __aeabi_memmove8
                0x0000000003800100                __aeabi_memmove4
                0x0000000003800100                __aeabi_memmove
 *(.text.*)
 *fill*         0x000000000380013a        0x2 
 .text._Z15ActualValueTaskPv
                0x000000000380013c       0x8c build/src/main.o
                0x000000000380013c                ActualValueTask(void*)
 .text._Z15TargetValueTaskPv
                0x00000000038001c8       0x94 build/src/main.o
                0x00000000038001c8                TargetValueTask(void*)
 .text._Z11usercontrolv
                0x000000000380025c      0x3d4 build/src/main.o
                0x000000000380025c                usercontrol()
 .text._ZN5graphC2Eiii
                0x0000000003800630       0xb8 build/src/main.o
                0x0000000003800630                graph::graph(int, int, int)
 .text._ZN5graphD2Ev
                0x00000000038006e8       0x28 build/src/main.o
                0x00000000038006e8                graph::~graph()
 .text.main     0x0000000003800710       0x54 build/src/main.o
                0x0000000003800710                main
 .text._ZN5graph6pointsC2ERN3vex5brain3lcdE
                0x0000000003800764       0x68 build/src/main.o
                0x0000000003800764                graph::points::points(vex::brain::lcd&)
 .text._ZN5graph6renderEPv
                0x00000000038007cc       0x28 build/src/main.o
                0x00000000038007cc                graph::render(void*)
 .text._ZNSt6vectorIPN5graph6pointsESaIS2_EE19_M_emplace_back_auxIJS2_EEEvDpOT_
                0x00000000038007f4       0x8c build/src/main.o
                0x00000000038007f4                void std::vector<graph::points*, std::allocator<graph::points*> >::_M_emplace_back_aux<graph::points*>(graph::points*&&)
 .text._ZNKSt6vectorIPN5graph6pointsESaIS2_EE12_M_check_lenEjPKc
                0x0000000003800880       0x54 build/src/main.o
                0x0000000003800880                std::vector<graph::points*, std::allocator<graph::points*> >::_M_check_len(unsigned int, char const*) const
 .text._ZNSt12_Vector_baseIPN5graph6pointsESaIS2_EE11_M_allocateEj
                0x00000000038008d4       0x30 build/src/main.o
                0x00000000038008d4                std::_Vector_base<graph::points*, std::allocator<graph::points*> >::_M_allocate(unsigned int)
 .text._ZN5graph4drawEv
                0x0000000003800904       0x88 build/src/main.o
                0x0000000003800904                graph::draw()
 .text._ZN5graph8drawAxisEv
                0x000000000380098c       0xc0 build/src/main.o
                0x000000000380098c                graph::drawAxis()
 .text._ZN5graph6points4drawEv
                0x0000000003800a4c       0xa4 build/src/main.o
                0x0000000003800a4c                graph::points::draw()
 .text._GLOBAL__sub_I_main.cpp
                0x0000000003800af0       0x34 build/src/main.o
 .text._Z11vexcodeInitv
                0x0000000003800b24        0x4 build/src/robot-config.o
                0x0000000003800b24                vexcodeInit()
 .text._GLOBAL__sub_I_robot_config.cpp
                0x0000000003800b28       0xa8 build/src/robot-config.o
 .text.vexMain  0x0000000003800bd0       0xb0 /Applications/VEXcode V5 Text.app/Contents/Resources/sdk/vexv5/libv5rt.a(v5_startup.c.obj)
                0x0000000003800bd0                vexMain
 .text.__vex_function_prolog
                0x0000000003800c80       0x18 /Applications/VEXcode V5 Text.app/Contents/Resources/sdk/vexv5/libv5rt.a(v5_startup.c.obj)
                0x0000000003800c80                __vex_function_prolog
 .text._init    0x0000000003800c98        0x4 /Applications/VEXcode V5 Text.app/Contents/Resources/sdk/vexv5/libv5rt.a(v5_startup.c.obj)
                0x0000000003800c98                _init
 .text._fini    0x0000000003800c9c        0x4 /Applications/VEXcode V5 Text.app/Contents/Resources/sdk/vexv5/libv5rt.a(v5_startup.c.obj)
                0x0000000003800c9c                _fini
 .text.vexStdlibVersionLinked
                0x0000000003800ca0        0xc /Applications/VEXcode V5 Text.app/Contents/Resources/sdk/vexv5/libv5rt.a(v5_util.c.obj)
                0x0000000003800ca0                vexStdlibVersionLinked
 .text.vexStdlibVersionVerify
                0x0000000003800cac       0x30 /Applications/VEXcode V5 Text.app/Contents/Resources/sdk/vexv5/libv5rt.a(v5_util.c.obj)
                0x0000000003800cac                vexStdlibVersionVerify
 .text.vexPrivateApiEnable
                0x0000000003800cdc       0x10 /Applications/VEXcode V5 Text.app/Contents/Resources/sdk/vexv5/libv5rt.a(v5_apijump.c.obj)
                0x0000000003800cdc                vexPrivateApiEnable
 .text.vexStdlibMismatchError
                0x0000000003800cec       0x3c /Applications/VEXcode V5 Text.app/Contents/Resources/sdk/vexv5/libv5rt.a(v5_apijump.c.obj)
                0x0000000003800cec                vexStdlibMismatchError
 .text.vexTaskAdd
                0x0000000003800d28       0x10 /Applications/VEXcode V5 Text.app/Contents/Resources/sdk/vexv5/libv5rt.a(v5_apijump.c.obj)
                0x0000000003800d28                vexTaskAdd
 .text.vexTasksRun
                0x0000000003800d38       0x10 /Applications/VEXcode V5 Text.app/Contents/Resources/sdk/vexv5/libv5rt.a(v5_apijump.c.obj)
                0x0000000003800d38                vexTasksRun
 .text.vexTaskYield
                0x0000000003800d48       0x10 /Applications/VEXcode V5 Text.app/Contents/Resources/sdk/vexv5/libv5rt.a(v5_apijump.c.obj)
                0x0000000003800d48                vexTaskYield
 .text.vexTaskCheckTimeslice
                0x0000000003800d58       0x10 /Applications/VEXcode V5 Text.app/Contents/Resources/sdk/vexv5/libv5rt.a(v5_apijump.c.obj)
                0x0000000003800d58                vexTaskCheckTimeslice
 .text.vexTaskSleep
                0x0000000003800d68       0x10 /Applications/VEXcode V5 Text.app/Contents/Resources/sdk/vexv5/libv5rt.a(v5_apijump.c.obj)
                0x0000000003800d68                vexTaskSleep
 .text.vexTasksDump
                0x0000000003800d78       0x1c /Applications/VEXcode V5 Text.app/Contents/Resources/sdk/vexv5/libv5rt.a(v5_apijump.c.obj)
                0x0000000003800d78                vexTasksDump
 .text.vexTaskGetTaskIndex
                0x0000000003800d94       0x10 /Applications/VEXcode V5 Text.app/Contents/Resources/sdk/vexv5/libv5rt.a(v5_apijump.c.obj)
                0x0000000003800d94                vexTaskGetTaskIndex
 .text.vexTaskStopAll
                0x0000000003800da4       0x10 /Applications/VEXcode V5 Text.app/Contents/Resources/sdk/vexv5/libv5rt.a(v5_apijump.c.obj)
                0x0000000003800da4                vexTaskStopAll
 .text.vexTaskRemoveAllUser
                0x0000000003800db4       0x34 /Applications/VEXcode V5 Text.app/Contents/Resources/sdk/vexv5/libv5rt.a(v5_apijump.c.obj)
                0x0000000003800db4                vexTaskRemoveAllUser
 .text.vexTaskCompletionIdSet
                0x0000000003800de8       0x10 /Applications/VEXcode V5 Text.app/Contents/Resources/sdk/vexv5/libv5rt.a(v5_apijump.c.obj)
                0x0000000003800de8                vexTaskCompletionIdSet
 .text.vexTaskAddWithArg
                0x0000000003800df8       0x10 /Applications/VEXcode V5 Text.app/Contents/Resources/sdk/vexv5/libv5rt.a(v5_apijump.c.obj)
                0x0000000003800df8                vexTaskAddWithArg
 .text.vexTaskStopWithId
                0x0000000003800e08       0x10 /Applications/VEXcode V5 Text.app/Contents/Resources/sdk/vexv5/libv5rt.a(v5_apijump.c.obj)
                0x0000000003800e08                vexTaskStopWithId
 .text.vexCriticalSection
                0x0000000003800e18       0x2c /Applications/VEXcode V5 Text.app/Contents/Resources/sdk/vexv5/libv5rt.a(v5_apijump.c.obj)
                0x0000000003800e18                vexCriticalSection
 .text.vexEventAdd
                0x0000000003800e44       0x34 /Applications/VEXcode V5 Text.app/Contents/Resources/sdk/vexv5/libv5rt.a(v5_apijump.c.obj)
                0x0000000003800e44                vexEventAdd
 .text.vexEventUserIndexGet
                0x0000000003800e78       0x1c /Applications/VEXcode V5 Text.app/Contents/Resources/sdk/vexv5/libv5rt.a(v5_apijump.c.obj)
                0x0000000003800e78                vexEventUserIndexGet
 .text.vexEventAddWithArg
                0x0000000003800e94       0x3c /Applications/VEXcode V5 Text.app/Contents/Resources/sdk/vexv5/libv5rt.a(v5_apijump.c.obj)
                0x0000000003800e94                vexEventAddWithArg
 .text.vexEventsCleanup
                0x0000000003800ed0       0x2c /Applications/VEXcode V5 Text.app/Contents/Resources/sdk/vexv5/libv5rt.a(v5_apijump.c.obj)
                0x0000000003800ed0                vexEventsCleanup
 .text.vexDebug
                0x0000000003800efc       0x38 /Applications/VEXcode V5 Text.app/Contents/Resources/sdk/vexv5/libv5rt.a(v5_apijump.c.obj)
                0x0000000003800efc                vexDebug
 .text.vex_sprintf
                0x0000000003800f34       0x40 /Applications/VEXcode V5 Text.app/Contents/Resources/sdk/vexv5/libv5rt.a(v5_apijump.c.obj)
                0x0000000003800f34                vex_sprintf
 .text.vex_vsnprintf
                0x0000000003800f74       0x3c /Applications/VEXcode V5 Text.app/Contents/Resources/sdk/vexv5/libv5rt.a(v5_apijump.c.obj)
                0x0000000003800f74                vex_vsnprintf
 .text.vexSystemTimeGet
                0x0000000003800fb0       0x1c /Applications/VEXcode V5 Text.app/Contents/Resources/sdk/vexv5/libv5rt.a(v5_apijump.c.obj)
                0x0000000003800fb0                vexSystemTimeGet
 .text.vexSystemExitRequest
                0x0000000003800fcc       0x1c /Applications/VEXcode V5 Text.app/Contents/Resources/sdk/vexv5/libv5rt.a(v5_apijump.c.obj)
                0x0000000003800fcc                vexSystemExitRequest
 .text.vexDeviceGetByIndex
                0x0000000003800fe8       0x24 /Applications/VEXcode V5 Text.app/Contents/Resources/sdk/vexv5/libv5rt.a(v5_apijump.c.obj)
                0x0000000003800fe8                vexDeviceGetByIndex
 .text.vexControllerGet
                0x000000000380100c       0x2c /Applications/VEXcode V5 Text.app/Contents/Resources/sdk/vexv5/libv5rt.a(v5_apijump.c.obj)
                0x000000000380100c                vexControllerGet
 .text.vexDeviceMotorVelocitySet
                0x0000000003801038       0x2c /Applications/VEXcode V5 Text.app/Contents/Resources/sdk/vexv5/libv5rt.a(v5_apijump.c.obj)
                0x0000000003801038                vexDeviceMotorVelocitySet
 .text.vexDeviceMotorVoltageSet
                0x0000000003801064       0x2c /Applications/VEXcode V5 Text.app/Contents/Resources/sdk/vexv5/libv5rt.a(v5_apijump.c.obj)
                0x0000000003801064                vexDeviceMotorVoltageSet
 .text.vexDeviceMotorActualVelocityGet
                0x0000000003801090       0x24 /Applications/VEXcode V5 Text.app/Contents/Resources/sdk/vexv5/libv5rt.a(v5_apijump.c.obj)
                0x0000000003801090                vexDeviceMotorActualVelocityGet
 .text.vexDeviceMotorReverseFlagSet
                0x00000000038010b4       0x2c /Applications/VEXcode V5 Text.app/Contents/Resources/sdk/vexv5/libv5rt.a(v5_apijump.c.obj)
                0x00000000038010b4                vexDeviceMotorReverseFlagSet
 .text.vexDeviceMotorEncoderUnitsSet
                0x00000000038010e0       0x2c /Applications/VEXcode V5 Text.app/Contents/Resources/sdk/vexv5/libv5rt.a(v5_apijump.c.obj)
                0x00000000038010e0                vexDeviceMotorEncoderUnitsSet
 .text.vexDeviceMotorBrakeModeSet
                0x000000000380110c       0x2c /Applications/VEXcode V5 Text.app/Contents/Resources/sdk/vexv5/libv5rt.a(v5_apijump.c.obj)
                0x000000000380110c                vexDeviceMotorBrakeModeSet
 .text.vexDeviceMotorPositionSet
                0x0000000003801138       0x34 /Applications/VEXcode V5 Text.app/Contents/Resources/sdk/vexv5/libv5rt.a(v5_apijump.c.obj)
                0x0000000003801138                vexDeviceMotorPositionSet
 .text.vexDeviceMotorPositionGet
                0x000000000380116c       0x24 /Applications/VEXcode V5 Text.app/Contents/Resources/sdk/vexv5/libv5rt.a(v5_apijump.c.obj)
                0x000000000380116c                vexDeviceMotorPositionGet
 .text.vexDeviceMotorGearingSet
                0x0000000003801190       0x2c /Applications/VEXcode V5 Text.app/Contents/Resources/sdk/vexv5/libv5rt.a(v5_apijump.c.obj)
                0x0000000003801190                vexDeviceMotorGearingSet
 .text.vexDeviceMotorGearingGet
                0x00000000038011bc       0x24 /Applications/VEXcode V5 Text.app/Contents/Resources/sdk/vexv5/libv5rt.a(v5_apijump.c.obj)
                0x00000000038011bc                vexDeviceMotorGearingGet
 .text.vexDisplayForegroundColor
                0x00000000038011e0       0x24 /Applications/VEXcode V5 Text.app/Contents/Resources/sdk/vexv5/libv5rt.a(v5_apijump.c.obj)
                0x00000000038011e0                vexDisplayForegroundColor
 .text.vexDisplayBackgroundColor
                0x0000000003801204       0x24 /Applications/VEXcode V5 Text.app/Contents/Resources/sdk/vexv5/libv5rt.a(v5_apijump.c.obj)
                0x0000000003801204                vexDisplayBackgroundColor
 .text.vexDisplayBackgroundColorGet
                0x0000000003801228       0x1c /Applications/VEXcode V5 Text.app/Contents/Resources/sdk/vexv5/libv5rt.a(v5_apijump.c.obj)
                0x0000000003801228                vexDisplayBackgroundColorGet
 .text.vexDisplayPixelSet
                0x0000000003801244       0x38 /Applications/VEXcode V5 Text.app/Contents/Resources/sdk/vexv5/libv5rt.a(v5_apijump.c.obj)
                0x0000000003801244                vexDisplayPixelSet
 .text.vexDisplayLineDraw
                0x000000000380127c       0x4c /Applications/VEXcode V5 Text.app/Contents/Resources/sdk/vexv5/libv5rt.a(v5_apijump.c.obj)
                0x000000000380127c                vexDisplayLineDraw
 .text.vexDisplayRectClear
                0x00000000038012c8       0x4c /Applications/VEXcode V5 Text.app/Contents/Resources/sdk/vexv5/libv5rt.a(v5_apijump.c.obj)
                0x00000000038012c8                vexDisplayRectClear
 .text.vexDisplayCircleDraw
                0x0000000003801314       0x40 /Applications/VEXcode V5 Text.app/Contents/Resources/sdk/vexv5/libv5rt.a(v5_apijump.c.obj)
                0x0000000003801314                vexDisplayCircleDraw
 .text.vexDisplayCircleClear
                0x0000000003801354       0x40 /Applications/VEXcode V5 Text.app/Contents/Resources/sdk/vexv5/libv5rt.a(v5_apijump.c.obj)
                0x0000000003801354                vexDisplayCircleClear
 .text.vexDisplayPrintf
                0x0000000003801394       0x68 /Applications/VEXcode V5 Text.app/Contents/Resources/sdk/vexv5/libv5rt.a(v5_apijump.c.obj)
                0x0000000003801394                vexDisplayPrintf
 .text.vexDisplayTextReference
                0x00000000038013fc       0x24 /Applications/VEXcode V5 Text.app/Contents/Resources/sdk/vexv5/libv5rt.a(v5_apijump.c.obj)
                0x00000000038013fc                vexDisplayTextReference
 .text.vexDisplayTextSize
                0x0000000003801420       0x2c /Applications/VEXcode V5 Text.app/Contents/Resources/sdk/vexv5/libv5rt.a(v5_apijump.c.obj)
                0x0000000003801420                vexDisplayTextSize
 .text.vexDisplayFontNamedSet
                0x000000000380144c       0x24 /Applications/VEXcode V5 Text.app/Contents/Resources/sdk/vexv5/libv5rt.a(v5_apijump.c.obj)
                0x000000000380144c                vexDisplayFontNamedSet
 .text.vexDisplayPenSizeGet
                0x0000000003801470       0x1c /Applications/VEXcode V5 Text.app/Contents/Resources/sdk/vexv5/libv5rt.a(v5_apijump.c.obj)
                0x0000000003801470                vexDisplayPenSizeGet
 .text.vexSystemStdlibImpureDataAddr
                0x000000000380148c       0x28 /Applications/VEXcode V5 Text.app/Contents/Resources/sdk/vexv5/libv5rt.a(v5_apijump.c.obj)
                0x000000000380148c                vexSystemStdlibImpureDataAddr
 .text.vexSystemStdlibImpureDataSize
                0x00000000038014b4       0x28 /Applications/VEXcode V5 Text.app/Contents/Resources/sdk/vexv5/libv5rt.a(v5_apijump.c.obj)
                0x00000000038014b4                vexSystemStdlibImpureDataSize
 .text.vexSystemSaveUserData
                0x00000000038014dc       0x3c /Applications/VEXcode V5 Text.app/Contents/Resources/sdk/vexv5/libv5rt.a(v5_apijump.c.obj)
                0x00000000038014dc                vexSystemSaveUserData
 .text.vexDisplayThemeIdGet
                0x0000000003801518       0x38 /Applications/VEXcode V5 Text.app/Contents/Resources/sdk/vexv5/libv5rt.a(v5_apijump.c.obj)
                0x0000000003801518                vexDisplayThemeIdGet
 .text.vexDisplayRender
                0x0000000003801550       0x2c /Applications/VEXcode V5 Text.app/Contents/Resources/sdk/vexv5/libv5rt.a(v5_apijump.c.obj)
                0x0000000003801550                vexDisplayRender
 .text.vexDeviceEventMaskSet
                0x000000000380157c       0x48 /Applications/VEXcode V5 Text.app/Contents/Resources/sdk/vexv5/libv5rt.a(v5_apijump.c.obj)
                0x000000000380157c                vexDeviceEventMaskSet
 .text.vexDeviceEventMaskGet
                0x00000000038015c4       0x3c /Applications/VEXcode V5 Text.app/Contents/Resources/sdk/vexv5/libv5rt.a(v5_apijump.c.obj)
                0x00000000038015c4                vexDeviceEventMaskGet
 .text.vexSystemVersion
                0x0000000003801600       0x10 /Applications/VEXcode V5 Text.app/Contents/Resources/sdk/vexv5/libv5rt.a(v5_apiversions.c.obj)
                0x0000000003801600                vexSystemVersion
 .text.vexStdlibVersion
                0x0000000003801610       0x10 /Applications/VEXcode V5 Text.app/Contents/Resources/sdk/vexv5/libv5rt.a(v5_apiversions.c.obj)
                0x0000000003801610                vexStdlibVersion
 .text._ZN3vex5motorD2Ev
                0x0000000003801620       0x20 /Applications/VEXcode V5 Text.app/Contents/Resources/sdk/vexv5/libv5rt.a(vex_motor.cpp.obj)
                0x0000000003801620                vex::motor::~motor()
                0x0000000003801620                vex::motor::~motor()
 .text._ZN3vex5motorD0Ev
                0x0000000003801640       0x1c /Applications/VEXcode V5 Text.app/Contents/Resources/sdk/vexv5/libv5rt.a(vex_motor.cpp.obj)
                0x0000000003801640                vex::motor::~motor()
 .text._ZN3vex5motor9installedEv
                0x000000000380165c       0x18 /Applications/VEXcode V5 Text.app/Contents/Resources/sdk/vexv5/libv5rt.a(vex_motor.cpp.obj)
                0x000000000380165c                vex::motor::installed()
 .text._ZN3vex5motor15defaultStoppingENS_9brakeTypeE
                0x0000000003801674       0x30 /Applications/VEXcode V5 Text.app/Contents/Resources/sdk/vexv5/libv5rt.a(vex_motor.cpp.obj)
                0x0000000003801674                vex::motor::defaultStopping(vex::brakeType)
 .text._ZN3vex5motorC2El
                0x00000000038016a4       0x78 /Applications/VEXcode V5 Text.app/Contents/Resources/sdk/vexv5/libv5rt.a(vex_motor.cpp.obj)
                0x00000000038016a4                vex::motor::motor(long)
                0x00000000038016a4                vex::motor::motor(long)
 .text._ZN3vex5motorC2ElNS_11gearSettingEb
                0x000000000380171c       0x34 /Applications/VEXcode V5 Text.app/Contents/Resources/sdk/vexv5/libv5rt.a(vex_motor.cpp.obj)
                0x000000000380171c                vex::motor::motor(long, vex::gearSetting, bool)
                0x000000000380171c                vex::motor::motor(long, vex::gearSetting, bool)
 .text._ZN3vex5motor4spinENS_13directionTypeEdNS_12voltageUnitsE
                0x0000000003801750       0x50 /Applications/VEXcode V5 Text.app/Contents/Resources/sdk/vexv5/libv5rt.a(vex_motor.cpp.obj)
                0x0000000003801750                vex::motor::spin(vex::directionType, double, vex::voltageUnits)
 .text._ZN3vex5motor4stopENS_9brakeTypeE
                0x00000000038017a0       0x30 /Applications/VEXcode V5 Text.app/Contents/Resources/sdk/vexv5/libv5rt.a(vex_motor.cpp.obj)
                0x00000000038017a0                vex::motor::stop(vex::brakeType)
 .text._ZN3vex5motor16velocityToScaledEdNS_13velocityUnitsE
                0x00000000038017d0       0x5c /Applications/VEXcode V5 Text.app/Contents/Resources/sdk/vexv5/libv5rt.a(vex_motor.cpp.obj)
                0x00000000038017d0                vex::motor::velocityToScaled(double, vex::velocityUnits)
 .text._ZN3vex5motor8velocityENS_13velocityUnitsE
                0x000000000380182c       0x30 /Applications/VEXcode V5 Text.app/Contents/Resources/sdk/vexv5/libv5rt.a(vex_motor.cpp.obj)
                0x000000000380182c                vex::motor::velocity(vex::velocityUnits)
 .text._ZN3vex5motor5valueEv
                0x000000000380185c       0x1c /Applications/VEXcode V5 Text.app/Contents/Resources/sdk/vexv5/libv5rt.a(vex_motor.cpp.obj)
                0x000000000380185c                vex::motor::value()
 .text._ZN3vex5motor16setRotationUnitsENS_13rotationUnitsE
                0x0000000003801878       0x1c /Applications/VEXcode V5 Text.app/Contents/Resources/sdk/vexv5/libv5rt.a(vex_motor.cpp.obj)
                0x0000000003801878                vex::motor::setRotationUnits(vex::rotationUnits)
 .text._ZN3vex5motor11setRotationEdNS_13rotationUnitsE
                0x0000000003801894       0x44 /Applications/VEXcode V5 Text.app/Contents/Resources/sdk/vexv5/libv5rt.a(vex_motor.cpp.obj)
                0x0000000003801894                vex::motor::setRotation(double, vex::rotationUnits)
 .text._ZN3vex5motor11setPositionEdNS_13rotationUnitsE
                0x00000000038018d8        0x4 /Applications/VEXcode V5 Text.app/Contents/Resources/sdk/vexv5/libv5rt.a(vex_motor.cpp.obj)
                0x00000000038018d8                vex::motor::setPosition(double, vex::rotationUnits)
 .text._ZN3vex5motor8rotationENS_13rotationUnitsE
                0x00000000038018dc       0x44 /Applications/VEXcode V5 Text.app/Contents/Resources/sdk/vexv5/libv5rt.a(vex_motor.cpp.obj)
                0x00000000038018dc                vex::motor::rotation(vex::rotationUnits)
 .text._ZN3vex10controllerD2Ev
                0x0000000003801920        0x4 /Applications/VEXcode V5 Text.app/Contents/Resources/sdk/vexv5/libv5rt.a(vex_controller.cpp.obj)
                0x0000000003801920                vex::controller::~controller()
                0x0000000003801920                vex::controller::~controller()
 .text._ZN3vex10controller5valueE19_V5_ControllerIndex
                0x0000000003801924        0x8 /Applications/VEXcode V5 Text.app/Contents/Resources/sdk/vexv5/libv5rt.a(vex_controller.cpp.obj)
                0x0000000003801924                vex::controller::value(_V5_ControllerIndex)
 .text._ZN3vex10controller6button8pressingEv
                0x000000000380192c       0xc8 /Applications/VEXcode V5 Text.app/Contents/Resources/sdk/vexv5/libv5rt.a(vex_controller.cpp.obj)
                0x000000000380192c                vex::controller::button::pressing()
 .text._ZN3vex10controller6button21_buttonToPressedEventEv
                0x00000000038019f4       0x20 /Applications/VEXcode V5 Text.app/Contents/Resources/sdk/vexv5/libv5rt.a(vex_controller.cpp.obj)
                0x00000000038019f4                vex::controller::button::_buttonToPressedEvent()
 .text._ZN3vex10controller6button22_buttonToReleasedEventEv
                0x0000000003801a14       0x20 /Applications/VEXcode V5 Text.app/Contents/Resources/sdk/vexv5/libv5rt.a(vex_controller.cpp.obj)
                0x0000000003801a14                vex::controller::button::_buttonToReleasedEvent()
 .text._ZN3vex10controller6buttonC2ENS0_11tButtonTypeEPS0_
                0x0000000003801a34       0x48 /Applications/VEXcode V5 Text.app/Contents/Resources/sdk/vexv5/libv5rt.a(vex_controller.cpp.obj)
                0x0000000003801a34                vex::controller::button::button(vex::controller::tButtonType, vex::controller*)
                0x0000000003801a34                vex::controller::button::button(vex::controller::tButtonType, vex::controller*)
 .text._ZN3vex10controller4axis23_joystickToChangedEventEv
                0x0000000003801a7c       0x20 /Applications/VEXcode V5 Text.app/Contents/Resources/sdk/vexv5/libv5rt.a(vex_controller.cpp.obj)
                0x0000000003801a7c                vex::controller::axis::_joystickToChangedEvent()
 .text._ZN3vex10controller4axisC2ENS0_9tAxisTypeEPS0_
                0x0000000003801a9c       0x2c /Applications/VEXcode V5 Text.app/Contents/Resources/sdk/vexv5/libv5rt.a(vex_controller.cpp.obj)
                0x0000000003801a9c                vex::controller::axis::axis(vex::controller::tAxisType, vex::controller*)
                0x0000000003801a9c                vex::controller::axis::axis(vex::controller::tAxisType, vex::controller*)
 .text._ZN3vex10controllerC2ENS_14controllerTypeE
                0x0000000003801ac8      0x204 /Applications/VEXcode V5 Text.app/Contents/Resources/sdk/vexv5/libv5rt.a(vex_controller.cpp.obj)
                0x0000000003801ac8                vex::controller::controller(vex::controllerType)
                0x0000000003801ac8                vex::controller::controller(vex::controllerType)
 .text._ZN3vex4taskC2EPFivE
                0x0000000003801ccc       0x5c /Applications/VEXcode V5 Text.app/Contents/Resources/sdk/vexv5/libv5rt.a(vex_task.cpp.obj)
                0x0000000003801ccc                vex::task::task(int (*)())
                0x0000000003801ccc                vex::task::task(int (*)())
 .text._ZN3vex4taskD2Ev
                0x0000000003801d28        0x4 /Applications/VEXcode V5 Text.app/Contents/Resources/sdk/vexv5/libv5rt.a(vex_task.cpp.obj)
                0x0000000003801d28                vex::task::~task()
                0x0000000003801d28                vex::task::~task()
 .text._ZN3vex4task4stopERKS0_
                0x0000000003801d2c       0x18 /Applications/VEXcode V5 Text.app/Contents/Resources/sdk/vexv5/libv5rt.a(vex_task.cpp.obj)
                0x0000000003801d2c                vex::task::stop(vex::task const&)
 .text._ZN3vex4task5sleepEm
                0x0000000003801d44        0x4 /Applications/VEXcode V5 Text.app/Contents/Resources/sdk/vexv5/libv5rt.a(vex_task.cpp.obj)
                0x0000000003801d44                vex::task::sleep(unsigned long)
 .text._ZN3vex4task6_indexEPFivE
                0x0000000003801d48       0x14 /Applications/VEXcode V5 Text.app/Contents/Resources/sdk/vexv5/libv5rt.a(vex_task.cpp.obj)
                0x0000000003801d48                vex::task::_index(int (*)())
 .text._ZN3vex4task8_stopAllEv
                0x0000000003801d5c       0x3c /Applications/VEXcode V5 Text.app/Contents/Resources/sdk/vexv5/libv5rt.a(vex_task.cpp.obj)
                0x0000000003801d5c                vex::task::_stopAll()
 .text._ZN3vex6threadC2EPFiPvES1_
                0x0000000003801d98       0x5c /Applications/VEXcode V5 Text.app/Contents/Resources/sdk/vexv5/libv5rt.a(vex_thread.cpp.obj)
                0x0000000003801d98                vex::thread::thread(int (*)(void*), void*)
                0x0000000003801d98                vex::thread::thread(int (*)(void*), void*)
 .text._ZN3vex6threadD2Ev
                0x0000000003801df4        0x4 /Applications/VEXcode V5 Text.app/Contents/Resources/sdk/vexv5/libv5rt.a(vex_thread.cpp.obj)
                0x0000000003801df4                vex::thread::~thread()
                0x0000000003801df4                vex::thread::~thread()
 .text._ZN3vex11this_thread9sleep_forEm
                0x0000000003801df8        0x4 /Applications/VEXcode V5 Text.app/Contents/Resources/sdk/vexv5/libv5rt.a(vex_thread.cpp.obj)
                0x0000000003801df8                vex::this_thread::sleep_for(unsigned long)
 .text._ZN3vex5event4initEmmPFvvE
                0x0000000003801dfc        0x4 /Applications/VEXcode V5 Text.app/Contents/Resources/sdk/vexv5/libv5rt.a(vex_event.cpp.obj)
                0x0000000003801dfc                vex::event::init(unsigned long, unsigned long, void (*)())
 .text._ZN3vex5event4initEmmPFvPvES1_
                0x0000000003801e00        0x4 /Applications/VEXcode V5 Text.app/Contents/Resources/sdk/vexv5/libv5rt.a(vex_event.cpp.obj)
                0x0000000003801e00                vex::event::init(unsigned long, unsigned long, void (*)(void*), void*)
 .text._ZN3vex5event9userindexEv
                0x0000000003801e04        0x4 /Applications/VEXcode V5 Text.app/Contents/Resources/sdk/vexv5/libv5rt.a(vex_event.cpp.obj)
                0x0000000003801e04                vex::event::userindex()
 .text._ZZN3vex6meventC4EmmENUlvE_4_FUNEv
                0x0000000003801e08        0x4 /Applications/VEXcode V5 Text.app/Contents/Resources/sdk/vexv5/libv5rt.a(vex_mevent.cpp.obj)
 .text._ZN3vex6meventC2Emm
                0x0000000003801e0c       0x70 /Applications/VEXcode V5 Text.app/Contents/Resources/sdk/vexv5/libv5rt.a(vex_mevent.cpp.obj)
                0x0000000003801e0c                vex::mevent::mevent(unsigned long, unsigned long)
                0x0000000003801e0c                vex::mevent::mevent(unsigned long, unsigned long)
 .text._ZN3vex5brain9_getIndexEv
                0x0000000003801e7c       0x10 /Applications/VEXcode V5 Text.app/Contents/Resources/sdk/vexv5/libv5rt.a(vex_brain.cpp.obj)
                0x0000000003801e7c                vex::brain::_getIndex()
 .text._ZN3vex5brain3lcd9setCursorEll
                0x0000000003801e8c       0x44 /Applications/VEXcode V5 Text.app/Contents/Resources/sdk/vexv5/libv5rt.a(vex_brain.cpp.obj)
                0x0000000003801e8c                vex::brain::lcd::setCursor(long, long)
 .text._ZN3vex5brain3lcd7setFontENS_8fontTypeE
                0x0000000003801ed0      0x23c /Applications/VEXcode V5 Text.app/Contents/Resources/sdk/vexv5/libv5rt.a(vex_brain.cpp.obj)
                0x0000000003801ed0                vex::brain::lcd::setFont(vex::fontType)
 .text._ZN3vex5brain3lcdC2Ev
                0x000000000380210c       0x94 /Applications/VEXcode V5 Text.app/Contents/Resources/sdk/vexv5/libv5rt.a(vex_brain.cpp.obj)
                0x000000000380210c                vex::brain::lcd::lcd()
                0x000000000380210c                vex::brain::lcd::lcd()
 .text._ZN3vex5brainC2Ev
                0x00000000038021a0       0x38 /Applications/VEXcode V5 Text.app/Contents/Resources/sdk/vexv5/libv5rt.a(vex_brain.cpp.obj)
                0x00000000038021a0                vex::brain::brain()
                0x00000000038021a0                vex::brain::brain()
 .text._ZN3vex5brain3lcd11setPenColorERKNS_5colorE
                0x00000000038021d8       0x14 /Applications/VEXcode V5 Text.app/Contents/Resources/sdk/vexv5/libv5rt.a(vex_brain.cpp.obj)
                0x00000000038021d8                vex::brain::lcd::setPenColor(vex::color const&)
 .text._ZN3vex5brain3lcd7printAtEllPKcz
                0x00000000038021ec       0x6c /Applications/VEXcode V5 Text.app/Contents/Resources/sdk/vexv5/libv5rt.a(vex_brain.cpp.obj)
                0x00000000038021ec                vex::brain::lcd::printAt(long, long, char const*, ...)
 .text._ZN3vex5brain3lcd12_clearScreenEm
                0x0000000003802258       0x38 /Applications/VEXcode V5 Text.app/Contents/Resources/sdk/vexv5/libv5rt.a(vex_brain.cpp.obj)
                0x0000000003802258                vex::brain::lcd::_clearScreen(unsigned long)
 .text._ZN3vex5brain3lcd11clearScreenERKNS_5colorE
                0x0000000003802290       0x20 /Applications/VEXcode V5 Text.app/Contents/Resources/sdk/vexv5/libv5rt.a(vex_brain.cpp.obj)
                0x0000000003802290                vex::brain::lcd::clearScreen(vex::color const&)
 .text._ZN3vex5brain3lcd9drawPixelEii
                0x00000000038022b0       0x14 /Applications/VEXcode V5 Text.app/Contents/Resources/sdk/vexv5/libv5rt.a(vex_brain.cpp.obj)
                0x00000000038022b0                vex::brain::lcd::drawPixel(int, int)
 .text._ZN3vex5brain3lcd8drawLineEiiii
                0x00000000038022c4      0x2c4 /Applications/VEXcode V5 Text.app/Contents/Resources/sdk/vexv5/libv5rt.a(vex_brain.cpp.obj)
                0x00000000038022c4                vex::brain::lcd::drawLine(int, int, int, int)
 .text._ZN3vex5brain3lcd10drawCircleEiii
                0x0000000003802588       0xa4 /Applications/VEXcode V5 Text.app/Contents/Resources/sdk/vexv5/libv5rt.a(vex_brain.cpp.obj)
                0x0000000003802588                vex::brain::lcd::drawCircle(int, int, int)
 .text._ZN3vex5brain3lcd11_drawCircleEiiim
                0x000000000380262c       0x60 /Applications/VEXcode V5 Text.app/Contents/Resources/sdk/vexv5/libv5rt.a(vex_brain.cpp.obj)
                0x000000000380262c                vex::brain::lcd::_drawCircle(int, int, int, unsigned long)
 .text._ZN3vex5brain3lcd10drawCircleEiiiRKNS_5colorE
                0x000000000380268c       0x60 /Applications/VEXcode V5 Text.app/Contents/Resources/sdk/vexv5/libv5rt.a(vex_brain.cpp.obj)
                0x000000000380268c                vex::brain::lcd::drawCircle(int, int, int, vex::color const&)
 .text._ZN3vex5brain3lcd6renderEv
                0x00000000038026ec        0xc /Applications/VEXcode V5 Text.app/Contents/Resources/sdk/vexv5/libv5rt.a(vex_brain.cpp.obj)
                0x00000000038026ec                vex::brain::lcd::render()
 .text._ZN3vex5brainD2Ev
                0x00000000038026f8       0x20 /Applications/VEXcode V5 Text.app/Contents/Resources/sdk/vexv5/libv5rt.a(vex_brain.cpp.obj)
                0x00000000038026f8                vex::brain::~brain()
                0x00000000038026f8                vex::brain::~brain()
 .text._ZN3vex11competition11_autonomousEv
                0x0000000003802718       0x90 /Applications/VEXcode V5 Text.app/Contents/Resources/sdk/vexv5/libv5rt.a(vex_competition.cpp.obj)
                0x0000000003802718                vex::competition::_autonomous()
 .text._ZN3vex11competition14_drivercontrolEv
                0x00000000038027a8       0x90 /Applications/VEXcode V5 Text.app/Contents/Resources/sdk/vexv5/libv5rt.a(vex_competition.cpp.obj)
                0x00000000038027a8                vex::competition::_drivercontrol()
 .text._ZN3vex11competition8_disableEPv
                0x0000000003802838       0xc8 /Applications/VEXcode V5 Text.app/Contents/Resources/sdk/vexv5/libv5rt.a(vex_competition.cpp.obj)
                0x0000000003802838                vex::competition::_disable(void*)
 .text._ZN3vex11competitionC2Ev
                0x0000000003802900      0x13c /Applications/VEXcode V5 Text.app/Contents/Resources/sdk/vexv5/libv5rt.a(vex_competition.cpp.obj)
                0x0000000003802900                vex::competition::competition()
                0x0000000003802900                vex::competition::competition()
 .text._ZN3vex11competitionD2Ev
                0x0000000003802a3c        0x4 /Applications/VEXcode V5 Text.app/Contents/Resources/sdk/vexv5/libv5rt.a(vex_competition.cpp.obj)
                0x0000000003802a3c                vex::competition::~competition()
                0x0000000003802a3c                vex::competition::~competition()
 .text._ZN3vex11competition13drivercontrolEPFvvE
                0x0000000003802a40       0x44 /Applications/VEXcode V5 Text.app/Contents/Resources/sdk/vexv5/libv5rt.a(vex_competition.cpp.obj)
                0x0000000003802a40                vex::competition::drivercontrol(void (*)())
 .text._ZN3vex7triportD2Ev
                0x0000000003802a84       0x38 /Applications/VEXcode V5 Text.app/Contents/Resources/sdk/vexv5/libv5rt.a(vex_triport.cpp.obj)
                0x0000000003802a84                vex::triport::~triport()
                0x0000000003802a84                vex::triport::~triport()
 .text._ZN3vex7triportD0Ev
                0x0000000003802abc       0x1c /Applications/VEXcode V5 Text.app/Contents/Resources/sdk/vexv5/libv5rt.a(vex_triport.cpp.obj)
                0x0000000003802abc                vex::triport::~triport()
 .text._ZN3vex7triport9installedEv
                0x0000000003802ad8       0x18 /Applications/VEXcode V5 Text.app/Contents/Resources/sdk/vexv5/libv5rt.a(vex_triport.cpp.obj)
                0x0000000003802ad8                vex::triport::installed()
 .text._ZN3vex7triport4portC2ElPS0_
                0x0000000003802af0       0x74 /Applications/VEXcode V5 Text.app/Contents/Resources/sdk/vexv5/libv5rt.a(vex_triport.cpp.obj)
                0x0000000003802af0                vex::triport::port::port(long, vex::triport*)
                0x0000000003802af0                vex::triport::port::port(long, vex::triport*)
 .text._ZN3vex7triportC2El
                0x0000000003802b64       0xf0 /Applications/VEXcode V5 Text.app/Contents/Resources/sdk/vexv5/libv5rt.a(vex_triport.cpp.obj)
                0x0000000003802b64                vex::triport::triport(long)
                0x0000000003802b64                vex::triport::triport(long)
 .text.startup._GLOBAL__sub_I__ZN3vex7triportC2El
                0x0000000003802c54       0x30 /Applications/VEXcode V5 Text.app/Contents/Resources/sdk/vexv5/libv5rt.a(vex_triport.cpp.obj)
 .text._ZN3vex5colorD2Ev
                0x0000000003802c84        0x4 /Applications/VEXcode V5 Text.app/Contents/Resources/sdk/vexv5/libv5rt.a(vex_color.cpp.obj)
                0x0000000003802c84                vex::color::~color()
                0x0000000003802c84                vex::color::~color()
 .text._ZN3vex5colorC2Ev
                0x0000000003802c88       0x10 /Applications/VEXcode V5 Text.app/Contents/Resources/sdk/vexv5/libv5rt.a(vex_color.cpp.obj)
                0x0000000003802c88                vex::color::color()
                0x0000000003802c88                vex::color::color()
 .text._ZN3vex5colorC2Ei
                0x0000000003802c98       0x10 /Applications/VEXcode V5 Text.app/Contents/Resources/sdk/vexv5/libv5rt.a(vex_color.cpp.obj)
                0x0000000003802c98                vex::color::color(int)
                0x0000000003802c98                vex::color::color(int)
 .text._ZNK3vex5colorcvmEv
                0x0000000003802ca8        0x8 /Applications/VEXcode V5 Text.app/Contents/Resources/sdk/vexv5/libv5rt.a(vex_color.cpp.obj)
                0x0000000003802ca8                vex::color::operator unsigned long() const
 .text._ZNK3vex5color13isTransparentEv
                0x0000000003802cb0        0x8 /Applications/VEXcode V5 Text.app/Contents/Resources/sdk/vexv5/libv5rt.a(vex_color.cpp.obj)
                0x0000000003802cb0                vex::color::isTransparent() const
 .text.startup._GLOBAL__sub_I__ZN3vex5color5blackE
                0x0000000003802cb8      0x164 /Applications/VEXcode V5 Text.app/Contents/Resources/sdk/vexv5/libv5rt.a(vex_color.cpp.obj)
 .text._ZN3vex5timerD2Ev
                0x0000000003802e1c        0x4 /Applications/VEXcode V5 Text.app/Contents/Resources/sdk/vexv5/libv5rt.a(vex_timer.cpp.obj)
                0x0000000003802e1c                vex::timer::~timer()
                0x0000000003802e1c                vex::timer::~timer()
 .text._ZN3vex5timer5clearEv
                0x0000000003802e20       0x1c /Applications/VEXcode V5 Text.app/Contents/Resources/sdk/vexv5/libv5rt.a(vex_timer.cpp.obj)
                0x0000000003802e20                vex::timer::clear()
 .text._ZN3vex5timerC2Ev
                0x0000000003802e3c       0x14 /Applications/VEXcode V5 Text.app/Contents/Resources/sdk/vexv5/libv5rt.a(vex_timer.cpp.obj)
                0x0000000003802e3c                vex::timer::timer()
                0x0000000003802e3c                vex::timer::timer()
 .text.vexMotorVelocitySet
                0x0000000003802e50       0x20 /Applications/VEXcode V5 Text.app/Contents/Resources/sdk/vexv5/libv5rt.a(v5_apiuser.c.obj)
                0x0000000003802e50                vexMotorVelocitySet
 .text.vexMotorVoltageSet
                0x0000000003802e70       0x20 /Applications/VEXcode V5 Text.app/Contents/Resources/sdk/vexv5/libv5rt.a(v5_apiuser.c.obj)
                0x0000000003802e70                vexMotorVoltageSet
 .text.vexMotorActualVelocityGet
                0x0000000003802e90       0x24 /Applications/VEXcode V5 Text.app/Contents/Resources/sdk/vexv5/libv5rt.a(v5_apiuser.c.obj)
                0x0000000003802e90                vexMotorActualVelocityGet
 .text.vexMotorReverseFlagSet
                0x0000000003802eb4       0x20 /Applications/VEXcode V5 Text.app/Contents/Resources/sdk/vexv5/libv5rt.a(v5_apiuser.c.obj)
                0x0000000003802eb4                vexMotorReverseFlagSet
 .text.vexMotorEncoderUnitsSet
                0x0000000003802ed4       0x20 /Applications/VEXcode V5 Text.app/Contents/Resources/sdk/vexv5/libv5rt.a(v5_apiuser.c.obj)
                0x0000000003802ed4                vexMotorEncoderUnitsSet
 .text.vexMotorBrakeModeSet
                0x0000000003802ef4       0x20 /Applications/VEXcode V5 Text.app/Contents/Resources/sdk/vexv5/libv5rt.a(v5_apiuser.c.obj)
                0x0000000003802ef4                vexMotorBrakeModeSet
 .text.vexMotorPositionSet
                0x0000000003802f14       0x28 /Applications/VEXcode V5 Text.app/Contents/Resources/sdk/vexv5/libv5rt.a(v5_apiuser.c.obj)
                0x0000000003802f14                vexMotorPositionSet
 .text.vexMotorPositionGet
                0x0000000003802f3c       0x24 /Applications/VEXcode V5 Text.app/Contents/Resources/sdk/vexv5/libv5rt.a(v5_apiuser.c.obj)
                0x0000000003802f3c                vexMotorPositionGet
 .text.vexMotorGearingSet
                0x0000000003802f60       0x20 /Applications/VEXcode V5 Text.app/Contents/Resources/sdk/vexv5/libv5rt.a(v5_apiuser.c.obj)
                0x0000000003802f60                vexMotorGearingSet
 .text.vexMotorGearingGet
                0x0000000003802f80       0x18 /Applications/VEXcode V5 Text.app/Contents/Resources/sdk/vexv5/libv5rt.a(v5_apiuser.c.obj)
                0x0000000003802f80                vexMotorGearingGet
 .text.vexEventMaskSet
                0x0000000003802f98       0x28 /Applications/VEXcode V5 Text.app/Contents/Resources/sdk/vexv5/libv5rt.a(v5_apiuser.c.obj)
                0x0000000003802f98                vexEventMaskSet
 .text.vexEventMaskGet
                0x0000000003802fc0       0x18 /Applications/VEXcode V5 Text.app/Contents/Resources/sdk/vexv5/libv5rt.a(v5_apiuser.c.obj)
                0x0000000003802fc0                vexEventMaskGet
 .text._ZN3vex6deviceD2Ev
                0x0000000003802fd8        0x4 /Applications/VEXcode V5 Text.app/Contents/Resources/sdk/vexv5/libv5rt.a(vex_device.cpp.obj)
                0x0000000003802fd8                vex::device::~device()
                0x0000000003802fd8                vex::device::~device()
 .text._ZN3vex6device5valueEv
                0x0000000003802fdc        0x8 /Applications/VEXcode V5 Text.app/Contents/Resources/sdk/vexv5/libv5rt.a(vex_device.cpp.obj)
                0x0000000003802fdc                vex::device::value()
 .text._ZN3vex6deviceD0Ev
                0x0000000003802fe4       0x14 /Applications/VEXcode V5 Text.app/Contents/Resources/sdk/vexv5/libv5rt.a(vex_device.cpp.obj)
                0x0000000003802fe4                vex::device::~device()
 .text._ZN3vex6device4initEl
                0x0000000003802ff8       0x30 /Applications/VEXcode V5 Text.app/Contents/Resources/sdk/vexv5/libv5rt.a(vex_device.cpp.obj)
                0x0000000003802ff8                vex::device::init(long)
 .text._ZN3vex6deviceC2El
                0x0000000003803028       0x20 /Applications/VEXcode V5 Text.app/Contents/Resources/sdk/vexv5/libv5rt.a(vex_device.cpp.obj)
                0x0000000003803028                vex::device::device(long)
                0x0000000003803028                vex::device::device(long)
 .text._ZN3vex6device4typeEv
                0x0000000003803048       0x10 /Applications/VEXcode V5 Text.app/Contents/Resources/sdk/vexv5/libv5rt.a(vex_device.cpp.obj)
                0x0000000003803048                vex::device::type()
 .text._ZN3vex6device9installedEv
                0x0000000003803058       0x14 /Applications/VEXcode V5 Text.app/Contents/Resources/sdk/vexv5/libv5rt.a(vex_device.cpp.obj)
                0x0000000003803058                vex::device::installed()
 .text.__libc_fini_array
                0x000000000380306c       0x30 /Applications/VEXcode V5 Text.app/Contents/Resources/sdk/vexv5/gcc/libs/libc.a(lib_a-fini.o)
                0x000000000380306c                __libc_fini_array
 .text.__libc_init_array
                0x000000000380309c       0x58 /Applications/VEXcode V5 Text.app/Contents/Resources/sdk/vexv5/gcc/libs/libc.a(lib_a-init.o)
                0x000000000380309c                __libc_init_array
 *fill*         0x00000000038030f4        0x4 
 .text.__libc_init_array.__stub
                0x00000000038030f8       0x18 linker stubs
 *(.gnu.linkonce.t.*)
 *(.plt)
 *(.gnu_warning)
 *(.gcc_except_table)
 *(.glue_7)
 .glue_7        0x0000000003803110        0x0 linker stubs
 *(.glue_7t)
 .glue_7t       0x0000000003803110        0x0 linker stubs
 *(.vfp11_veneer)
 .vfp11_veneer  0x0000000003803110        0x0 linker stubs
 *(.ARM.extab)
 *(.gnu.linkonce.armextab.*)

.v4_bx          0x0000000003803110        0x0
 .v4_bx         0x0000000003803110        0x0 linker stubs

.iplt           0x0000000003803110        0x0
 .iplt          0x0000000003803110        0x0 build/src/main.o

.init
 *(.init)

.fini
 *(.fini)

.rodata         0x0000000003803110      0x13c
                0x0000000003803110                __rodata_start = .
 *(.rodata)
 *(.rodata.*)
 .rodata.str1.1
                0x0000000003803110       0x32 build/src/main.o
 .rodata.str1.1
                0x0000000003803142       0x2e /Applications/VEXcode V5 Text.app/Contents/Resources/sdk/vexv5/libv5rt.a(v5_startup.c.obj)
 .rodata._ZN3vex5PORT1E
                0x0000000003803170        0x4 /Applications/VEXcode V5 Text.app/Contents/Resources/sdk/vexv5/libv5rt.a(vex_global.cpp.obj)
                0x0000000003803170                vex::PORT1
 .rodata._ZN3vex7reverseE
                0x0000000003803174        0x4 /Applications/VEXcode V5 Text.app/Contents/Resources/sdk/vexv5/libv5rt.a(vex_global.cpp.obj)
                0x0000000003803174                vex::reverse
 .rodata._ZN3vex5whiteE
                0x0000000003803178        0x4 /Applications/VEXcode V5 Text.app/Contents/Resources/sdk/vexv5/libv5rt.a(vex_global.cpp.obj)
                0x0000000003803178                vex::white
 .rodata._ZN3vex7primaryE
                0x000000000380317c        0x4 /Applications/VEXcode V5 Text.app/Contents/Resources/sdk/vexv5/libv5rt.a(vex_global.cpp.obj)
                0x000000000380317c                vex::primary
 .rodata._ZN3vex7degreesE
                0x0000000003803180        0x4 /Applications/VEXcode V5 Text.app/Contents/Resources/sdk/vexv5/libv5rt.a(vex_global.cpp.obj)
                0x0000000003803180                vex::degrees
 .rodata._ZN3vex6PORT22E
                0x0000000003803184        0x4 /Applications/VEXcode V5 Text.app/Contents/Resources/sdk/vexv5/libv5rt.a(vex_global.cpp.obj)
                0x0000000003803184                vex::PORT22
 .rodata._ZN3vex8ratio6_1E
                0x0000000003803188        0x4 /Applications/VEXcode V5 Text.app/Contents/Resources/sdk/vexv5/libv5rt.a(vex_global.cpp.obj)
                0x0000000003803188                vex::ratio6_1
 *fill*         0x000000000380318c        0x4 
 .rodata._ZTVN3vex5motorE
                0x0000000003803190       0x18 /Applications/VEXcode V5 Text.app/Contents/Resources/sdk/vexv5/libv5rt.a(vex_motor.cpp.obj)
                0x0000000003803190                vtable for vex::motor
 .rodata.CSWTCH.15
                0x00000000038031a8        0xb /Applications/VEXcode V5 Text.app/Contents/Resources/sdk/vexv5/libv5rt.a(vex_controller.cpp.obj)
 .rodata.CSWTCH.17
                0x00000000038031b3        0xb /Applications/VEXcode V5 Text.app/Contents/Resources/sdk/vexv5/libv5rt.a(vex_controller.cpp.obj)
 .rodata.CSWTCH.23
                0x00000000038031be        0x3 /Applications/VEXcode V5 Text.app/Contents/Resources/sdk/vexv5/libv5rt.a(vex_controller.cpp.obj)
 .rodata.str1.1
                0x00000000038031c1       0x14 /Applications/VEXcode V5 Text.app/Contents/Resources/sdk/vexv5/libv5rt.a(vex_task.cpp.obj)
 .rodata.str1.1
                0x00000000038031d5       0x14 /Applications/VEXcode V5 Text.app/Contents/Resources/sdk/vexv5/libv5rt.a(vex_thread.cpp.obj)
 .rodata.str1.1
                0x00000000038031e9       0x2b /Applications/VEXcode V5 Text.app/Contents/Resources/sdk/vexv5/libv5rt.a(vex_brain.cpp.obj)
 *fill*         0x0000000003803214        0x4 
 .rodata._ZTVN3vex7triportE
                0x0000000003803218       0x18 /Applications/VEXcode V5 Text.app/Contents/Resources/sdk/vexv5/libv5rt.a(vex_triport.cpp.obj)
                0x0000000003803218                vtable for vex::triport
 .rodata._ZTVN3vex6deviceE
                0x0000000003803230       0x18 /Applications/VEXcode V5 Text.app/Contents/Resources/sdk/vexv5/libv5rt.a(vex_device.cpp.obj)
                0x0000000003803230                vtable for vex::device
 .rodata.str1.4
                0x0000000003803248        0x4 /Applications/VEXcode V5 Text.app/Contents/Resources/sdk/vexv5/gcc/libs/libc.a(lib_a-impure.o)
                                          0x2 (size before relaxing)
 *(.gnu.linkonce.r.*)
                0x000000000380324c                __rodata_end = .

.rodata1        0x000000000380324c        0x0
                0x000000000380324c                __rodata1_start = .
 *(.rodata1)
 *(.rodata1.*)
                0x000000000380324c                __rodata1_end = .

.sdata2         0x000000000380324c        0x0
                0x000000000380324c                __sdata2_start = .
 *(.sdata2)
 *(.sdata2.*)
 *(.gnu.linkonce.s2.*)
                0x000000000380324c                __sdata2_end = .

.sbss2          0x000000000380324c        0x0
                0x000000000380324c                __sbss2_start = .
 *(.sbss2)
 *(.sbss2.*)
 *(.gnu.linkonce.sb2.*)
                0x000000000380324c                __sbss2_end = .

.data           0x0000000003803250      0x43c
                0x0000000003803250                __data_start = .
 *(.data)
 *(.data.*)
 .data.appRunning
                0x0000000003803250        0x4 /Applications/VEXcode V5 Text.app/Contents/Resources/sdk/vexv5/libv5rt.a(v5_startup.c.obj)
                0x0000000003803250                appRunning
 .data.__yoff   0x0000000003803254        0x4 /Applications/VEXcode V5 Text.app/Contents/Resources/sdk/vexv5/libv5rt.a(v5_apijump.c.obj)
 .data._ZN3vex24__default_motor_velocityE
                0x0000000003803258        0x4 /Applications/VEXcode V5 Text.app/Contents/Resources/sdk/vexv5/libv5rt.a(vex_motor.cpp.obj)
                0x0000000003803258                vex::__default_motor_velocity
 *fill*         0x000000000380325c        0x4 
 .data.impure_data
                0x0000000003803260      0x428 /Applications/VEXcode V5 Text.app/Contents/Resources/sdk/vexv5/gcc/libs/libc.a(lib_a-impure.o)
 .data._impure_ptr
                0x0000000003803688        0x4 /Applications/VEXcode V5 Text.app/Contents/Resources/sdk/vexv5/gcc/libs/libc.a(lib_a-impure.o)
                0x0000000003803688                _impure_ptr
 *(.gnu.linkonce.d.*)
 *(.jcr)
 *(.got)
 *(.got.plt)
                0x000000000380368c                __data_end = .

.igot.plt       0x000000000380368c        0x0
 .igot.plt      0x000000000380368c        0x0 build/src/main.o

.data1          0x000000000380368c        0x0
                0x000000000380368c                __data1_start = .
 *(.data1)
 *(.data1.*)
                0x000000000380368c                __data1_end = .

.got
 *(.got)

.ctors          0x000000000380368c        0x0
                0x000000000380368c                __CTOR_LIST__ = .
                0x000000000380368c                ___CTORS_LIST___ = .
 *crtbegin.o(.ctors)
 *(EXCLUDE_FILE(*crtend.o) .ctors)
 *(SORT_BY_NAME(.ctors.*))
 *(.ctors)
                0x000000000380368c                __CTOR_END__ = .
                0x000000000380368c                ___CTORS_END___ = .

.dtors          0x000000000380368c        0x0
                0x000000000380368c                __DTOR_LIST__ = .
                0x000000000380368c                ___DTORS_LIST___ = .
 *crtbegin.o(.dtors)
 *(EXCLUDE_FILE(*crtend.o) .dtors)
 *(SORT_BY_NAME(.dtors.*))
 *(.dtors)
                0x000000000380368c                __DTOR_END__ = .
                0x000000000380368c                ___DTORS_END___ = .

.fixup          0x000000000380368c        0x0
                0x000000000380368c                __fixup_start = .
 *(.fixup)
                0x000000000380368c                __fixup_end = .

.eh_frame
 *(.eh_frame)

.eh_framehdr    0x000000000380368c        0x0
                0x000000000380368c                __eh_framehdr_start = .
 *(.eh_framehdr)
                0x000000000380368c                __eh_framehdr_end = .

.gcc_except_table
 *(.gcc_except_table)

.mmu_tbl        0x0000000003804000        0x0
                0x0000000003804000                __mmu_tbl_start = .
 *(.mmu_tbl)
                0x0000000003804000                __mmu_tbl_end = .

.ARM.exidx      0x000000000380368c        0x8
                0x000000000380368c                __exidx_start = .
 *(.ARM.exidx*)
 .ARM.exidx.text._Z15ActualValueTaskPv
                0x000000000380368c        0x8 build/src/main.o
 .ARM.exidx.text._Z15TargetValueTaskPv
                0x0000000003803694        0x0 build/src/main.o
                                          0x8 (size before relaxing)
 .ARM.exidx.text._Z11usercontrolv
                0x0000000003803694        0x0 build/src/main.o
                                          0x8 (size before relaxing)
 .ARM.exidx.text._ZN5graphC2Eiii
                0x0000000003803694        0x0 build/src/main.o
                                          0x8 (size before relaxing)
 .ARM.exidx.text._ZN5graphD2Ev
                0x0000000003803694        0x0 build/src/main.o
                                          0x8 (size before relaxing)
 .ARM.exidx.text.main
                0x0000000003803694        0x0 build/src/main.o
                                          0x8 (size before relaxing)
 .ARM.exidx.text._ZN5graph6pointsC2ERN3vex5brain3lcdE
                0x0000000003803694        0x0 build/src/main.o
                                          0x8 (size before relaxing)
 .ARM.exidx.text._ZN5graph6renderEPv
                0x0000000003803694        0x0 build/src/main.o
                                          0x8 (size before relaxing)
 .ARM.exidx.text._ZNSt6vectorIPN5graph6pointsESaIS2_EE19_M_emplace_back_auxIJS2_EEEvDpOT_
                0x0000000003803694        0x0 build/src/main.o
                                          0x8 (size before relaxing)
 .ARM.exidx.text._ZNKSt6vectorIPN5graph6pointsESaIS2_EE12_M_check_lenEjPKc
                0x0000000003803694        0x0 build/src/main.o
                                          0x8 (size before relaxing)
 .ARM.exidx.text._ZNSt12_Vector_baseIPN5graph6pointsESaIS2_EE11_M_allocateEj
                0x0000000003803694        0x0 build/src/main.o
                                          0x8 (size before relaxing)
 .ARM.exidx.text._ZN5graph4drawEv
                0x0000000003803694        0x0 build/src/main.o
                                          0x8 (size before relaxing)
 .ARM.exidx.text._ZN5graph8drawAxisEv
                0x0000000003803694        0x0 build/src/main.o
                                          0x8 (size before relaxing)
 .ARM.exidx.text._ZN5graph6points4drawEv
                0x0000000003803694        0x0 build/src/main.o
                                          0x8 (size before relaxing)
 .ARM.exidx.text._GLOBAL__sub_I_main.cpp
                0x0000000003803694        0x0 build/src/main.o
                                          0x8 (size before relaxing)
 .ARM.exidx.text._Z11vexcodeInitv
                0x0000000003803694        0x0 build/src/robot-config.o
                                          0x8 (size before relaxing)
 .ARM.exidx.text._GLOBAL__sub_I_robot_config.cpp
                0x0000000003803694        0x0 build/src/robot-config.o
                                          0x8 (size before relaxing)
 *(.gnu.linkonce.armexidix.*.*)
                0x0000000003803694                __exidx_end = .

.rel.dyn        0x0000000003803694        0x0
 .rel.iplt      0x0000000003803694        0x0 build/src/main.o

.preinit_array  0x0000000003803694        0x0
                0x0000000003803694                __preinit_array_start = .
 *(SORT_BY_NAME(.preinit_array.*))
 *(.preinit_array)
                0x0000000003803694                __preinit_array_end = .

.init_array     0x0000000003803694       0x10
                0x0000000003803694                __init_array_start = .
 *(SORT_BY_NAME(.init_array.*))
 *(.init_array)
 .init_array    0x0000000003803694        0x4 build/src/main.o
 .init_array    0x0000000003803698        0x4 build/src/robot-config.o
 .init_array    0x000000000380369c        0x4 /Applications/VEXcode V5 Text.app/Contents/Resources/sdk/vexv5/libv5rt.a(vex_triport.cpp.obj)
 .init_array    0x00000000038036a0        0x4 /Applications/VEXcode V5 Text.app/Contents/Resources/sdk/vexv5/libv5rt.a(vex_color.cpp.obj)
                0x00000000038036a4                __init_array_end = .

.fini_array     0x00000000038036a4        0x0
                0x00000000038036a4                __fini_array_start = .
 *(SORT_BY_NAME(.fini_array.*))
 *(.fini_array)
                0x00000000038036a4                __fini_array_end = .

.ARM.attributes
                0x00000000038036a4       0x3a
                0x00000000038036a4                __ARM.attributes_start = .
 *(.ARM.attributes)
 .ARM.attributes
                0x00000000038036a4       0x3a build/src/main.o
 .ARM.attributes
                0x00000000038036de       0x3a build/src/robot-config.o
 .ARM.attributes
                0x0000000003803718       0x35 /Applications/VEXcode V5 Text.app/Contents/Resources/sdk/vexv5/libv5rt.a(v5_startup.c.obj)
 .ARM.attributes
                0x000000000380374d       0x35 /Applications/VEXcode V5 Text.app/Contents/Resources/sdk/vexv5/libv5rt.a(v5_util.c.obj)
 .ARM.attributes
                0x0000000003803782       0x35 /Applications/VEXcode V5 Text.app/Contents/Resources/sdk/vexv5/libv5rt.a(v5_apijump.c.obj)
 .ARM.attributes
                0x00000000038037b7       0x35 /Applications/VEXcode V5 Text.app/Contents/Resources/sdk/vexv5/libv5rt.a(v5_apiversions.c.obj)
 .ARM.attributes
                0x00000000038037ec       0x35 /Applications/VEXcode V5 Text.app/Contents/Resources/sdk/vexv5/libv5rt.a(vex_global.cpp.obj)
 .ARM.attributes
                0x0000000003803821       0x35 /Applications/VEXcode V5 Text.app/Contents/Resources/sdk/vexv5/libv5rt.a(vex_motor.cpp.obj)
 .ARM.attributes
                0x0000000003803856       0x35 /Applications/VEXcode V5 Text.app/Contents/Resources/sdk/vexv5/libv5rt.a(vex_controller.cpp.obj)
 .ARM.attributes
                0x000000000380388b       0x35 /Applications/VEXcode V5 Text.app/Contents/Resources/sdk/vexv5/libv5rt.a(vex_task.cpp.obj)
 .ARM.attributes
                0x00000000038038c0       0x35 /Applications/VEXcode V5 Text.app/Contents/Resources/sdk/vexv5/libv5rt.a(vex_thread.cpp.obj)
 .ARM.attributes
                0x00000000038038f5       0x35 /Applications/VEXcode V5 Text.app/Contents/Resources/sdk/vexv5/libv5rt.a(vex_event.cpp.obj)
 .ARM.attributes
                0x000000000380392a       0x35 /Applications/VEXcode V5 Text.app/Contents/Resources/sdk/vexv5/libv5rt.a(vex_mevent.cpp.obj)
 .ARM.attributes
                0x000000000380395f       0x35 /Applications/VEXcode V5 Text.app/Contents/Resources/sdk/vexv5/libv5rt.a(vex_brain.cpp.obj)
 .ARM.attributes
                0x0000000003803994       0x35 /Applications/VEXcode V5 Text.app/Contents/Resources/sdk/vexv5/libv5rt.a(vex_competition.cpp.obj)
 .ARM.attributes
                0x00000000038039c9       0x35 /Applications/VEXcode V5 Text.app/Contents/Resources/sdk/vexv5/libv5rt.a(vex_triport.cpp.obj)
 .ARM.attributes
                0x00000000038039fe       0x35 /Applications/VEXcode V5 Text.app/Contents/Resources/sdk/vexv5/libv5rt.a(vex_color.cpp.obj)
 .ARM.attributes
                0x0000000003803a33       0x35 /Applications/VEXcode V5 Text.app/Contents/Resources/sdk/vexv5/libv5rt.a(vex_timer.cpp.obj)
 .ARM.attributes
                0x0000000003803a68       0x35 /Applications/VEXcode V5 Text.app/Contents/Resources/sdk/vexv5/libv5rt.a(v5_apiuser.c.obj)
 .ARM.attributes
                0x0000000003803a9d       0x35 /Applications/VEXcode V5 Text.app/Contents/Resources/sdk/vexv5/libv5rt.a(vex_device.cpp.obj)
 .ARM.attributes
                0x0000000003803ad2       0x19 /Applications/VEXcode V5 Text.app/Contents/Resources/sdk/vexv5/gcc/libs/libc.a(lib_a-aeabi_memmove-soft.o)
 .ARM.attributes
                0x0000000003803aeb       0x2b /Applications/VEXcode V5 Text.app/Contents/Resources/sdk/vexv5/gcc/libs/libc.a(lib_a-fini.o)
 .ARM.attributes
                0x0000000003803b16       0x2b /Applications/VEXcode V5 Text.app/Contents/Resources/sdk/vexv5/gcc/libs/libc.a(lib_a-impure.o)
 .ARM.attributes
                0x0000000003803b41       0x2b /Applications/VEXcode V5 Text.app/Contents/Resources/sdk/vexv5/gcc/libs/libc.a(lib_a-init.o)
                0x0000000003803b6c                __ARM.attributes_end = .

.sdata          0x00000000038036a4        0x0
                0x00000000038036a4                __sdata_start = .
 *(.sdata)
 *(.sdata.*)
 *(.gnu.linkonce.s.*)
                0x00000000038036a4                __sdata_end = .

.sbss           0x00000000038036a4        0x0
                0x00000000038036a4                __sbss_start = .
 *(.sbss)
 *(.sbss.*)
 *(.gnu.linkonce.sb.*)
                0x00000000038036a4                __sbss_end = .

.tdata          0x00000000038036a4        0x0
                0x00000000038036a4                __tdata_start = .
 *(.tdata)
 *(.tdata.*)
 *(.gnu.linkonce.td.*)
                0x00000000038036a4                __tdata_end = .

.tbss           0x00000000038036a4        0x0
                0x00000000038036a4                __tbss_start = .
 *(.tbss)
 *(.tbss.*)
 *(.gnu.linkonce.tb.*)
                0x00000000038036a4                __tbss_end = .

.bss            0x00000000038036a8      0x595
                0x00000000038036a8                __bss_start = .
 *(.bss)
 *(.bss.*)
 .bss.Competition
                0x00000000038036a8       0x28 build/src/main.o
                0x00000000038036a8                Competition
 .bss.ColumnDesired
                0x00000000038036d0        0x8 build/src/main.o
                0x00000000038036d0                ColumnDesired
 .bss.ColumnKP  0x00000000038036d8        0x8 build/src/main.o
                0x00000000038036d8                ColumnKP
 .bss.ColumnPreviousError
                0x00000000038036e0        0x8 build/src/main.o
                0x00000000038036e0                ColumnPreviousError
 .bss.ColumnDerivative
                0x00000000038036e8        0x8 build/src/main.o
                0x00000000038036e8                ColumnDerivative
 .bss.ColumnKD  0x00000000038036f0        0x8 build/src/main.o
                0x00000000038036f0                ColumnKD
 .bss.ColumnIntegral
                0x00000000038036f8        0x8 build/src/main.o
                0x00000000038036f8                ColumnIntegral
 .bss.ColumnKI  0x0000000003803700        0x8 build/src/main.o
                0x0000000003803700                ColumnKI
 .bss.ColumnError
                0x0000000003803708        0x8 build/src/main.o
                0x0000000003803708                ColumnError
 .bss.Brain     0x0000000003803710      0x2bc build/src/robot-config.o
                0x0000000003803710                Brain
 .bss.Controller1
                0x00000000038039cc      0x1e0 build/src/robot-config.o
                0x00000000038039cc                Controller1
 .bss.PIDMotor  0x0000000003803bac       0x24 build/src/robot-config.o
                0x0000000003803bac                PIDMotor
 .bss.__dso_handle
                0x0000000003803bd0        0x4 /Applications/VEXcode V5 Text.app/Contents/Resources/sdk/vexv5/libv5rt.a(v5_startup.c.obj)
                0x0000000003803bd0                __dso_handle
 .bss._ZN3vex4task8_labelIdE
                0x0000000003803bd4        0x4 /Applications/VEXcode V5 Text.app/Contents/Resources/sdk/vexv5/libv5rt.a(vex_task.cpp.obj)
                0x0000000003803bd4                vex::task::_labelId
 .bss._ZN3vex6thread8_labelIdE
                0x0000000003803bd8        0x4 /Applications/VEXcode V5 Text.app/Contents/Resources/sdk/vexv5/libv5rt.a(vex_thread.cpp.obj)
                0x0000000003803bd8                vex::thread::_labelId
 .bss._ZN3vex11competition22bStopTasksBetweenModesE
                0x0000000003803bdc        0x1 /Applications/VEXcode V5 Text.app/Contents/Resources/sdk/vexv5/libv5rt.a(vex_competition.cpp.obj)
                0x0000000003803bdc                vex::competition::bStopTasksBetweenModes
 .bss._ZN3vex11competition15_driver_pendingE
                0x0000000003803bdd        0x1 /Applications/VEXcode V5 Text.app/Contents/Resources/sdk/vexv5/libv5rt.a(vex_competition.cpp.obj)
                0x0000000003803bdd                vex::competition::_driver_pending
 .bss._ZN3vex11competition14_auton_pendingE
                0x0000000003803bde        0x1 /Applications/VEXcode V5 Text.app/Contents/Resources/sdk/vexv5/libv5rt.a(vex_competition.cpp.obj)
                0x0000000003803bde                vex::competition::_auton_pending
 *fill*         0x0000000003803bdf        0x1 
 .bss._ZN3vex11competition23_drivercontrol_callbackE
                0x0000000003803be0        0x4 /Applications/VEXcode V5 Text.app/Contents/Resources/sdk/vexv5/libv5rt.a(vex_competition.cpp.obj)
                0x0000000003803be0                vex::competition::_drivercontrol_callback
 .bss._ZN3vex11competition20_autonomous_callbackE
                0x0000000003803be4        0x4 /Applications/VEXcode V5 Text.app/Contents/Resources/sdk/vexv5/libv5rt.a(vex_competition.cpp.obj)
                0x0000000003803be4                vex::competition::_autonomous_callback
 .bss._ZN3vex11competition25bStopAllTasksBetweenModesE
                0x0000000003803be8        0x1 /Applications/VEXcode V5 Text.app/Contents/Resources/sdk/vexv5/libv5rt.a(vex_competition.cpp.obj)
                0x0000000003803be8                vex::competition::bStopAllTasksBetweenModes
 .bss._ZStL8__ioinit
                0x0000000003803be9        0x1 /Applications/VEXcode V5 Text.app/Contents/Resources/sdk/vexv5/libv5rt.a(vex_triport.cpp.obj)
 *fill*         0x0000000003803bea        0x2 
 .bss._ZN3vex5color6orangeE
                0x0000000003803bec        0x8 /Applications/VEXcode V5 Text.app/Contents/Resources/sdk/vexv5/libv5rt.a(vex_color.cpp.obj)
                0x0000000003803bec                vex::color::orange
 .bss._ZN3vex5color5blackE
                0x0000000003803bf4        0x8 /Applications/VEXcode V5 Text.app/Contents/Resources/sdk/vexv5/libv5rt.a(vex_color.cpp.obj)
                0x0000000003803bf4                vex::color::black
 .bss._ZN3vex5color6yellowE
                0x0000000003803bfc        0x8 /Applications/VEXcode V5 Text.app/Contents/Resources/sdk/vexv5/libv5rt.a(vex_color.cpp.obj)
                0x0000000003803bfc                vex::color::yellow
 .bss._ZN3vex5color5greenE
                0x0000000003803c04        0x8 /Applications/VEXcode V5 Text.app/Contents/Resources/sdk/vexv5/libv5rt.a(vex_color.cpp.obj)
                0x0000000003803c04                vex::color::green
 .bss._ZN3vex5color6purpleE
                0x0000000003803c0c        0x8 /Applications/VEXcode V5 Text.app/Contents/Resources/sdk/vexv5/libv5rt.a(vex_color.cpp.obj)
                0x0000000003803c0c                vex::color::purple
 .bss._ZN3vex5color4cyanE
                0x0000000003803c14        0x8 /Applications/VEXcode V5 Text.app/Contents/Resources/sdk/vexv5/libv5rt.a(vex_color.cpp.obj)
                0x0000000003803c14                vex::color::cyan
 .bss._ZN3vex5color4blueE
                0x0000000003803c1c        0x8 /Applications/VEXcode V5 Text.app/Contents/Resources/sdk/vexv5/libv5rt.a(vex_color.cpp.obj)
                0x0000000003803c1c                vex::color::blue
 .bss._ZN3vex5color3redE
                0x0000000003803c24        0x8 /Applications/VEXcode V5 Text.app/Contents/Resources/sdk/vexv5/libv5rt.a(vex_color.cpp.obj)
                0x0000000003803c24                vex::color::red
 .bss._ZN3vex5color11transparentE
                0x0000000003803c2c        0x8 /Applications/VEXcode V5 Text.app/Contents/Resources/sdk/vexv5/libv5rt.a(vex_color.cpp.obj)
                0x0000000003803c2c                vex::color::transparent
 .bss._ZN3vex5color5whiteE
                0x0000000003803c34        0x8 /Applications/VEXcode V5 Text.app/Contents/Resources/sdk/vexv5/libv5rt.a(vex_color.cpp.obj)
                0x0000000003803c34                vex::color::white
 *(.gnu.linkonce.b.*)
 *(COMMON)
 COMMON         0x0000000003803c3c        0x1 /Applications/VEXcode V5 Text.app/Contents/Resources/sdk/vexv5/libv5rt.a(v5_startup.c.obj)
                0x0000000003803c3c                __vex_critical_section
                0x0000000003803c3d                __bss_end = .
                0x00000000038036a4                _SDA_BASE_ = (__sdata_start + ((__sbss_end - __sdata_start) / 0x2))
                0x000000000380324c                _SDA2_BASE_ = (__sdata2_start + ((__sbss2_end - __sdata2_start) / 0x2))

.heap           0x0000000003803c3d   0x100003
                0x0000000003803c40                . = ALIGN (0x10)
 *fill*         0x0000000003803c3d        0x3 
                0x0000000003803c40                _heap = .
                0x0000000003803c40                HeapBase = .
                0x0000000003803c40                _heap_start = .
                0x0000000003903c40                . = (. + _HEAP_SIZE)
 *fill*         0x0000000003803c40   0x100000 
                0x0000000003903c40                _heap_end = .
                0x0000000003903c40                HeapLimit = .

.stack          0x0000000003903c40     0x3800
                0x0000000003903c40                . = ALIGN (0x10)
                0x0000000003903c40                _stack_end = .
                0x0000000003905c40                . = (. + _STACK_SIZE)
 *fill*         0x0000000003903c40     0x2000 
                0x0000000003905c40                . = ALIGN (0x10)
                0x0000000003905c40                _stack = .
                0x0000000003905c40                __stack = _stack
                0x0000000003905c40                . = ALIGN (0x10)
                0x0000000003905c40                _irq_stack_end = .
                0x0000000003906040                . = (. + _IRQ_STACK_SIZE)
 *fill*         0x0000000003905c40      0x400 
                0x0000000003906040                . = ALIGN (0x10)
                0x0000000003906040                __irq_stack = .
                0x0000000003906040                _supervisor_stack_end = .
                0x0000000003906840                . = (. + _SUPERVISOR_STACK_SIZE)
 *fill*         0x0000000003906040      0x800 
                0x0000000003906840                . = ALIGN (0x10)
                0x0000000003906840                __supervisor_stack = .
                0x0000000003906840                _abort_stack_end = .
                0x0000000003906c40                . = (. + _ABORT_STACK_SIZE)
 *fill*         0x0000000003906840      0x400 
                0x0000000003906c40                . = ALIGN (0x10)
                0x0000000003906c40                __abort_stack = .
                0x0000000003906c40                _fiq_stack_end = .
                0x0000000003907040                . = (. + _FIQ_STACK_SIZE)
 *fill*         0x0000000003906c40      0x400 
                0x0000000003907040                . = ALIGN (0x10)
                0x0000000003907040                __fiq_stack = .
                0x0000000003907040                _undef_stack_end = .
                0x0000000003907440                . = (. + _UNDEF_STACK_SIZE)
 *fill*         0x0000000003907040      0x400 
                0x0000000003907440                . = ALIGN (0x10)
                0x0000000003907440                __undef_stack = .
                0x0000000003907440                _end = .
LOAD /Applications/VEXcode V5 Text.app/Contents/Resources/sdk/vexv5/stdlib_0.lib
LOAD build/src/main.o
LOAD build/src/robot-config.o
START GROUP
LOAD /Applications/VEXcode V5 Text.app/Contents/Resources/sdk/vexv5/libv5rt.a
LOAD /Applications/VEXcode V5 Text.app/Contents/Resources/sdk/vexv5/gcc/libs/libstdc++.a
LOAD /Applications/VEXcode V5 Text.app/Contents/Resources/sdk/vexv5/gcc/libs/libc.a
LOAD /Applications/VEXcode V5 Text.app/Contents/Resources/sdk/vexv5/gcc/libs/libm.a
LOAD /Applications/VEXcode V5 Text.app/Contents/Resources/sdk/vexv5/gcc/libs/libgcc.a
END GROUP
OUTPUT(build/PIDTunerCode.elf elf32-littlearm)

.comment        0x0000000000000000       0x9d
 .comment       0x0000000000000000       0x2d build/src/main.o
                                         0x2e (size before relaxing)
 .comment       0x000000000000002d       0x2e build/src/robot-config.o
 .comment       0x000000000000002d       0x70 /Applications/VEXcode V5 Text.app/Contents/Resources/sdk/vexv5/libv5rt.a(v5_startup.c.obj)
                                         0x71 (size before relaxing)
 .comment       0x000000000000009d       0x71 /Applications/VEXcode V5 Text.app/Contents/Resources/sdk/vexv5/libv5rt.a(v5_util.c.obj)
 .comment       0x000000000000009d       0x71 /Applications/VEXcode V5 Text.app/Contents/Resources/sdk/vexv5/libv5rt.a(v5_apijump.c.obj)
 .comment       0x000000000000009d       0x71 /Applications/VEXcode V5 Text.app/Contents/Resources/sdk/vexv5/libv5rt.a(v5_apiversions.c.obj)
 .comment       0x000000000000009d       0x71 /Applications/VEXcode V5 Text.app/Contents/Resources/sdk/vexv5/libv5rt.a(vex_global.cpp.obj)
 .comment       0x000000000000009d       0x71 /Applications/VEXcode V5 Text.app/Contents/Resources/sdk/vexv5/libv5rt.a(vex_motor.cpp.obj)
 .comment       0x000000000000009d       0x71 /Applications/VEXcode V5 Text.app/Contents/Resources/sdk/vexv5/libv5rt.a(vex_controller.cpp.obj)
 .comment       0x000000000000009d       0x71 /Applications/VEXcode V5 Text.app/Contents/Resources/sdk/vexv5/libv5rt.a(vex_task.cpp.obj)
 .comment       0x000000000000009d       0x71 /Applications/VEXcode V5 Text.app/Contents/Resources/sdk/vexv5/libv5rt.a(vex_thread.cpp.obj)
 .comment       0x000000000000009d       0x71 /Applications/VEXcode V5 Text.app/Contents/Resources/sdk/vexv5/libv5rt.a(vex_event.cpp.obj)
 .comment       0x000000000000009d       0x71 /Applications/VEXcode V5 Text.app/Contents/Resources/sdk/vexv5/libv5rt.a(vex_mevent.cpp.obj)
 .comment       0x000000000000009d       0x71 /Applications/VEXcode V5 Text.app/Contents/Resources/sdk/vexv5/libv5rt.a(vex_brain.cpp.obj)
 .comment       0x000000000000009d       0x71 /Applications/VEXcode V5 Text.app/Contents/Resources/sdk/vexv5/libv5rt.a(vex_competition.cpp.obj)
 .comment       0x000000000000009d       0x71 /Applications/VEXcode V5 Text.app/Contents/Resources/sdk/vexv5/libv5rt.a(vex_triport.cpp.obj)
 .comment       0x000000000000009d       0x71 /Applications/VEXcode V5 Text.app/Contents/Resources/sdk/vexv5/libv5rt.a(vex_color.cpp.obj)
 .comment       0x000000000000009d       0x71 /Applications/VEXcode V5 Text.app/Contents/Resources/sdk/vexv5/libv5rt.a(vex_timer.cpp.obj)
 .comment       0x000000000000009d       0x71 /Applications/VEXcode V5 Text.app/Contents/Resources/sdk/vexv5/libv5rt.a(v5_apiuser.c.obj)
 .comment       0x000000000000009d       0x71 /Applications/VEXcode V5 Text.app/Contents/Resources/sdk/vexv5/libv5rt.a(vex_device.cpp.obj)

.note.GNU-stack
                0x0000000000000000        0x0
 .note.GNU-stack
                0x0000000000000000        0x0 build/src/main.o
 .note.GNU-stack
                0x0000000000000000        0x0 build/src/robot-config.o

.debug_frame    0x0000000000000000       0x60
 .debug_frame   0x0000000000000000       0x34 /Applications/VEXcode V5 Text.app/Contents/Resources/sdk/vexv5/gcc/libs/libc.a(lib_a-fini.o)
 .debug_frame   0x0000000000000034       0x2c /Applications/VEXcode V5 Text.app/Contents/Resources/sdk/vexv5/gcc/libs/libc.a(lib_a-init.o)
